install git from https://git-scm.com/download/win
cd Go to  GitReposLocal
git config --global --add safe.directory C:/natey/Lab4tech/ansible 
git add -A
git commit
git push
1. create a local directory, a repository in github & link them together then push the local to remote repository in github
c:\natey\Lab4tech\ansible>dir
 Le volume dans le lecteur C s’appelle Windows
 Le numéro de série du volume est 540C-2848

 Répertoire de c:\natey\Lab4tech\ansible

09/30/2022  11:45 AM    <DIR>          .
09/30/2022  11:45 AM    <DIR>          ..
09/30/2022  11:07 AM             6,996 ansible-puppet-terraform-jenkins.txt
09/30/2022  11:45 AM                 0 Git-Github.txt
               2 fichier(s)            6,996 octets
               2 Rép(s)  215,038,881,792 octets libres

c:\natey\Lab4tech\ansible>git status
fatal: not a git repository (or any of the parent directories): .git

c:\natey\Lab4tech\ansible>git init
Initialized empty Git repository in C:/natey/Lab4tech/ansible/.git/

c:\natey\Lab4tech\ansible>dir
 Le volume dans le lecteur C s’appelle Windows
 Le numéro de série du volume est 540C-2848

 Répertoire de c:\natey\Lab4tech\ansible

09/30/2022  11:48 AM    <DIR>          .
09/30/2022  11:48 AM    <DIR>          ..
09/30/2022  11:07 AM             6,996 ansible-puppet-terraform-jenkins.txt
09/30/2022  11:45 AM                 0 Git-Github.txt
               2 fichier(s)            6,996 octets
               2 Rép(s)  215,037,194,240 octets libres

c:\natey\Lab4tech\ansible>git config --global user.name "Daniel Berhe"

c:\natey\Lab4tech\ansible>git config --global user.email dnberhe@hotmail.com

c:\natey\Lab4tech\ansible>git config --global -l
user.email=dnberhe@hotmail.com
user.name=Daniel Berhe

c:\natey\Lab4tech\ansible>git status
On branch master

No commits yet

Untracked files:
  (use "git add <file>..." to include in what will be committed)
        Git-Github.txt
        ansible-puppet-terraform-jenkins.txt

nothing added to commit but untracked files present (use "git add" to track)

c:\natey\Lab4tech\ansible>git add -A

c:\natey\Lab4tech\ansible>git status
On branch master

No commits yet

Changes to be committed:
  (use "git rm --cached <file>..." to unstage)
        new file:   Git-Github.txt
        new file:   ansible-puppet-terraform-jenkins.txt


c:\natey\Lab4tech\ansible>git commit -m "adding files to my ansiblerepo repository in my github"
[master (root-commit) 1626b49] adding files to my ansiblerepo repository in my github
 2 files changed, 178 insertions(+)
 create mode 100644 Git-Github.txt
 create mode 100644 ansible-puppet-terraform-jenkins.txt

c:\natey\Lab4tech\ansible>git status
On branch master
nothing to commit, working tree clean

c:\natey\Lab4tech\ansible>git remote add origin https://github.com/DanBer39/ansiblerepo.git

c:\natey\Lab4tech\ansible>git status
On branch master
nothing to commit, working tree clean

c:\natey\Lab4tech\ansible>git push origin master
info: please complete authentication in your browser...
Enumerating objects: 4, done.
Counting objects: 100% (4/4), done.
Delta compression using up to 4 threads
Compressing objects: 100% (4/4), done.
Writing objects: 100% (4/4), 3.57 KiB | 3.57 MiB/s, done.
Total 4 (delta 0), reused 0 (delta 0), pack-reused 0
To https://github.com/DanBer39/ansiblerepo.git
 * [new branch]      master -> master

c:\natey\Lab4tech\ansible>git status
On branch master
Changes not staged for commit:
  (use "git add <file>..." to update what will be committed)
  (use "git restore <file>..." to discard changes in working directory)
        modified:   Git-Github.txt

no changes added to commit (use "git add" and/or "git commit -a")

c:\natey\Lab4tech\ansible>git status
On branch master
Changes not staged for commit:
  (use "git add <file>..." to update what will be committed)
  (use "git restore <file>..." to discard changes in working directory)
        modified:   Git-Github.txt

no changes added to commit (use "git add" and/or "git commit -a")

c:\natey\Lab4tech\ansible>git commit -m "updating files to my ansiblerepo repository in my github"
On branch master
Changes not staged for commit:
  (use "git add <file>..." to update what will be committed)
  (use "git restore <file>..." to discard changes in working directory)
        modified:   Git-Github.txt

no changes added to commit (use "git add" and/or "git commit -a")

Sequence to do in order to pull
git status
git pull origin master

Sequence to do in order to push
git add -A
git status
git commit -m "updating files to my ansiblerepo repository in my github"
git push origin master



c:\natey\Lab4tech\ansible>git add -A

c:\natey\Lab4tech\ansible>git status
On branch master
Changes to be committed:
  (use "git restore --staged <file>..." to unstage)
        modified:   Git-Github.txt


c:\natey\Lab4tech\ansible>git commit -m "updating files to my ansiblerepo repository in my github"
[master 12116b6] updating files to my ansiblerepo repository in my github
 1 file changed, 51 insertions(+)

c:\natey\Lab4tech\ansible>git status
On branch master
nothing to commit, working tree clean

c:\natey\Lab4tech\ansible>git push origin master
Enumerating objects: 5, done.
Counting objects: 100% (5/5), done.
Delta compression using up to 4 threads
Compressing objects: 100% (3/3), done.
Writing objects: 100% (3/3), 990 bytes | 990.00 KiB/s, done.
Total 3 (delta 1), reused 0 (delta 0), pack-reused 0
remote: Resolving deltas: 100% (1/1), completed with 1 local object.
To https://github.com/DanBer39/ansiblerepo.git
   1626b49..12116b6  master -> master

c:\natey\Lab4tech\ansible>git status
On branch master
nothing to commit, working tree clean

c:\natey\Lab4tech\ansible>
2. create a local directory, a repository in github & link them together then pull the remote repository in github to lccal directory
- mkdir d:\ansibleplays
- cd d:\ansibleplays
- git status
- git init
- git status
- git config --global user.name "Dan Ber"
- git config --global user.email dnberhe39@gmail.com
- git config --global -l
- git remote add origin https://github.com/DanBer39/ansiblerepo
- dir
- git pull origin master
- dir
3. course
- by git commit you take a snapshoot
- by git init we initialise the local directory to be a local repository
- by git add -A we add files in the local repository
- by git config --global user.name "Dan Ber" we add des information de user name & email
- by git config --global user.email dnberhe@hotmail.com we add des information de user name & email
- by git config --global -l we list the information de user name & email
- by git push origin master you push from origin to master. Master is in gitbug
- by git remote add origin https://github.com/DanBer39/ansiblerepo.git you link local director to remote repository indicated by https://...
- To push from a local repo to remote repo do: git add -A; git commit -m "blablabla ..."; git push origin master
- To pull from a remote repo to local repo  do: git pull origin master
